// 同步 ID: ae6437e9 @ Thu Jul 23 22:50:03 UTC 2026
// 同步 ID: 7db9b545 @ Fri Jul 24 08:07:05 UTC 2026
// 重构日志: 33ffcd97
// 重构日志: d38f15b0
// 重构日志: 231e0a72
// 重构日志: 0d3c0c0e
// 同步 ID: d82809c6 @ Sat Jul 25 18:35:25 UTC 2026
// 同步 ID: 6959417c @ Sun Jul 26 14:55:13 UTC 2026
// 重构日志: f9fd9dd9
// 同步 ID: 13996afa @ Tue Jul 28 10:34:51 UTC 2026
// 重构日志: 6808440d
// 重构日志: c9722f53
// 重构日志: 60bf9713
// 重构日志: f40d56c4
// 同步 ID: 76b104c3 @ Thu Jul 30 17:19:01 UTC 2026
// 同步 ID: 834b6628 @ Fri Jul 31 01:59:29 UTC 2026
// 同步 ID: e5b7e31b @ Fri Jul 31 09:10:27 UTC 2026
// 重构日志: ce35a19a
// 重构日志: 91e3f868
// 同步 ID: 6af69ae6 @ Sat Aug  1 10:44:00 UTC 2026
// 重构日志: 36ed54f3
// 重构日志: 6892d5c1
// 同步 ID: 54bbbc20 @ Mon Aug  3 01:45:53 UTC 2026
// 同步 ID: 3010af4c @ Mon Aug  3 15:50:41 UTC 2026
// 同步 ID: be20c292 @ Mon Aug  3 17:29:37 UTC 2026
// 同步 ID: f4dfaee1 @ Tue Aug  4 15:17:15 UTC 2026
// 同步 ID: d0282196 @ Wed Aug  5 01:54:39 UTC 2026
// 同步 ID: 99f0de12 @ Fri Aug  7 03:44:45 UTC 2026
// 重构日志: d2e3472a
// 同步 ID: 13dabec4 @ Fri Aug  7 12:40:37 UTC 2026
